challenge1Log ~ (working)
$ mkdir first

challenge1Log ~ (working)
$ git checkout first
error: pathspec 'first' did not match any file(s) known to git

challenge1Log ~ (working)
$ cd first

challenge1Log ~/first (working)
$ git branch main
fatal: a branch named 'main' already exists

challenge1Log ~/first (working)
$ ls

challenge1Log ~/first (working)
$ git remote origin https://github.com/EmilRosenov/CSS-Layout-workshop.git
error: unknown subcommand: `origin'
usage: git remote [-v | --verbose]
   or: git remote add [-t <branch>] [-m <master>] [-f] [--tags | --no-tags] [--mirror=<fetch|push>] <name> <url>
   or: git remote rename [--[no-]progress] <old> <new>
   or: git remote remove <name>
   or: git remote set-head <name> (-a | --auto | -d | --delete | <branch>)
   or: git remote [-v | --verbose] show [-n] <name>
   or: git remote prune [-n | --dry-run] <name>
   or: git remote [-v | --verbose] update [-p | --prune] [(<group> | <remote>)...]
   or: git remote set-branches [--add] <name> <branch>...
   or: git remote get-url [--push] [--all] <name>
   or: git remote set-url [--push] <name> <newurl> [<oldurl>]
   or: git remote set-url --add <name> <newurl>
   or: git remote set-url --delete <name> <url>

    -v, --verbose         be verbose; must be placed before a subcommand


challenge1Log ~/first (working)
$ git remote https://github.com/EmilRosenov/CSS-Layout-workshop.git
error: unknown subcommand: `https://github.com/EmilRosenov/CSS-Layout-workshop.git'
usage: git remote [-v | --verbose]
   or: git remote add [-t <branch>] [-m <master>] [-f] [--tags | --no-tags] [--mirror=<fetch|push>] <name> <url>
   or: git remote rename [--[no-]progress] <old> <new>
   or: git remote remove <name>
   or: git remote set-head <name> (-a | --auto | -d | --delete | <branch>)
   or: git remote [-v | --verbose] show [-n] <name>
   or: git remote prune [-n | --dry-run] <name>
   or: git remote [-v | --verbose] update [-p | --prune] [(<group> | <remote>)...]
   or: git remote set-branches [--add] <name> <branch>...
   or: git remote get-url [--push] [--all] <name>
   or: git remote set-url [--push] <name> <newurl> [<oldurl>]
   or: git remote set-url --add <name> <newurl>
   or: git remote set-url --delete <name> <url>

    -v, --verbose         be verbose; must be placed before a subcommand


challenge1Log ~/first (working)
$ git remote add origin https://github.com/EmilRosenov/CSS-Layout-workshop.git
error: remote origin already exists.

challenge1Log ~/first (working)
$ ls

challenge1Log ~/first (working)
$ git init
Initialized empty Git repository in C:/Users/emilr/first/.git/

challenge1Log ~/first (master)
$ git remote add origin https://github.com/EmilRosenov/CSS-Layout-workshop.git

challenge1Log ~/first (master)
$ git checkout -b working
Switched to a new branch 'working'

challenge1Log ~/first (working)
$ git checkout
fatal: You are on a branch yet to be born

challenge1Log ~/first (working)
$ git status
On branch working

No commits yet

nothing to commit (create/copy files and use "git add" to track)

challenge1Log ~/first (working)
$ ls

challenge1Log ~/first (working)
$ git checkout master
error: pathspec 'master' did not match any file(s) known to git

challenge1Log ~/first (working)
$ git branch master
fatal: not a valid object name: 'working'

challenge1Log ~/first (working)
$ git checkout master
error: pathspec 'master' did not match any file(s) known to git

challenge1Log ~/first (working)
$ git checkout main
error: pathspec 'main' did not match any file(s) known to git

challenge1Log ~/first (working)
$ git checkout master
error: pathspec 'master' did not match any file(s) known to git

challenge1Log ~/first (working)
$ npx degit foundersandcoders/coursebook/src/workshops/css-layout/starter-files#main css-layout
> cloned foundersandcoders/coursebook#main to css-layout

challenge1Log ~/first (working)
$ ls
css-layout/

challenge1Log ~/first (working)
$ git status
On branch working

No commits yet

Untracked files:
  (use "git add <file>..." to include in what will be committed)
        css-layout/

nothing added to commit but untracked files present (use "git add" to track)

challenge1Log ~/first (working)
$ code css-layout

challenge1Log ~/first (working)
$ cd css-layout/challenge1
bash: cd: css-layout/challenge1: No such file or directory

challenge1Log ~/first (working)
$ cd challenge1
bash: cd: challenge1: No such file or directory

challenge1Log ~/first (working)
$ git checkout
fatal: You are on a branch yet to be born

challenge1Log ~/first (working)
$ git status
On branch working

No commits yet

Untracked files:
  (use "git add <file>..." to include in what will be committed)
        css-layout/
        log.txt

nothing added to commit but untracked files present (use "git add" to track)

challenge1Log ~/first (working)
$ code css-layout/

challenge1Log ~/first (working)
$ git checkout
fatal: You are on a branch yet to be born

challenge1Log ~/first (working)
$ git checkout -b solvingBranch
Switched to a new branch 'solvingBranch'

challenge1Log ~/first (solvingBranch)
$ git add css-layout/
fatal: LF would be replaced by CRLF in css-layout/challenge-1/index.html

challenge1Log ~/first (solvingBranch)
$ git config --global core.safecrlf false

challenge1Log ~/first (solvingBranch)
$ git add css-layout/

challenge1Log ~/first (solvingBranch)
$ git commit -m "here i was solving challenge #1"
[solvingBranch (root-commit) adf03fc] here i was solving challenge #1
 9 files changed, 890 insertions(+)
 create mode 100644 css-layout/challenge-1/index.html
 create mode 100644 css-layout/challenge-1/solution.html
 create mode 100644 css-layout/challenge-2/index.html
 create mode 100644 css-layout/challenge-2/solution.html
 create mode 100644 css-layout/challenge-3/index.html
 create mode 100644 css-layout/challenge-3/solution.html
 create mode 100644 css-layout/challenge-4/challenge-4.css
 create mode 100644 css-layout/challenge-4/index.html
 create mode 100644 css-layout/challenge-4/solution.html

challenge1Log ~/first (solvingBranch)
$ git push origin https://github.com/EmilRosenov/CSS-Layout-workshop.git
fatal: invalid refspec 'https://github.com/EmilRosenov/CSS-Layout-workshop.git'

challenge1Log ~/first (solvingBranch)
$ git push https://github.com/EmilRosenov/CSS-Layout-workshop.git
Enumerating objects: 16, done.
Counting objects: 100% (16/16), done.
Delta compression using up to 4 threads
Compressing objects: 100% (15/15), done.
Writing objects: 100% (16/16), 4.36 KiB | 372.00 KiB/s, done.
Total 16 (delta 5), reused 0 (delta 0), pack-reused 0
remote: Resolving deltas: 100% (5/5), done.
remote:
remote: Create a pull request for 'solvingBranch' on GitHub by visiting:
remote:      https://github.com/EmilRosenov/CSS-Layout-workshop/pull/new/solvingBranch
remote:
To https://github.com/EmilRosenov/CSS-Layout-workshop.git
 * [new branch]      solvingBranch -> solvingBranch